// Jest Snapshot v1, https://goo.gl/fbAQLP

exports[`should render an H1 1`] = `
<h1>
  Hello World!
</h1>
`;
